// Jest Snapshot v1, https://goo.gl/fbAQLP

exports[`Contacts queries should receive selected contact 1`] = `
Object {
  "address": Array [
    Object {
      "lang": "uk",
      "value": "Вулиця 4 Нова вулиця",
    },
    Object {
      "lang": "en",
      "value": "Street 4 New Street",
    },
  ],
  "email": "test@test.com",
  "link": "https://testURL.com",
  "openHours": Array [
    Object {
      "lang": "uk",
      "value": "ПН ...Новий контакт",
    },
    Object {
      "lang": "en",
      "value": "FR ...New contact",
    },
  ],
  "phoneNumber": "380964422333",
}
`;
